// Jest Snapshot v1, https://goo.gl/fbAQLP

exports[`<SiteHead /> should renders correct <SiteHead /> 1`] = `
<Head>
  <title>
    Alex Jin - Senior Software Architect
  </title>
  <meta
    charSet="utf-8"
  />
  <meta
    content="Senior Software Architect"
    name="description"
  />
  <meta
    property="og:url"
  />
  <meta
    content="website"
    property="og:type"
  />
  <meta
    content="Alex Jin - Senior Software Architect"
    property="og:title"
  />
  <meta
    content="Senior Software Architect"
    property="og:description"
  />
</Head>
`;
