// Jest Snapshot v1, https://goo.gl/fbAQLP

exports[`<PostSummary /> should renders correct <PostSummary /> 1`] = `
<Article
  className="flex flex-col lg:flex-row lg:justify-between lg:items-start py-4 lg:py-8 text-white"
>
  <div
    className="flex flex-col justify-between pr-10"
  >
    <div>
      <div
        className="mb-4 lg:text-base text-gray-2 text-md"
      >
        Jul 8, 2020
      </div>
      <PlainLink
        className="text-white"
        href="/post/an-introduction-to-terraform"
      >
        <h4
          className="mb-4 font-display !text-lg font-bold"
        >
          An Introduction to Terraform
        </h4>
      </PlainLink>
      <h5
        className="font-body lg:text-base font-normal text-gray-2 text-md"
      >
        Learn the basics of Terraform in this step-by-step tutorial of how to deploy a cluster of web servers and a load balancer on AWS...
      </h5>
    </div>
    <div
      className="flex flex-row flex-wrap items-center mt-4"
    />
  </div>
</Article>
`;
