// Jest Snapshot v1, https://goo.gl/fbAQLP

exports[`<ToggleMenuIcon /> should renders correct <ToggleMenuIcon /> 1`] = `
<svg
  className=""
  fill="none"
  height={16}
  viewBox="0 0 22 16"
  width={22}
  xmlns="http://www.w3.org/2000/svg"
>
  <path
    d="M21 1H1M21 8H1M21 15H1"
    stroke="#ffffff"
    strokeLinecap="round"
    strokeLinejoin="round"
    strokeWidth="2"
  />
</svg>
`;
