// Jest Snapshot v1, https://goo.gl/fbAQLP

exports[`<Error500Template /> should renders correct <Error500Template /> 1`] = `
<div
  className="flex flex-grow justify-center items-center max-h-screen"
  style={
    Object {
      "maxHeight": "NaNpx",
      "minHeight": "NaNpx",
    }
  }
>
  <div
    className="flex flex-col justify-center items-center py-12 md:py-[100px] px-12 md:px-[140px] mx-auto max-w-[80%]"
  >
    <h1
      className="mb-4 font-display text-[4rem] md:text-[10rem] font-black tracking-widest leading-none text-white animate-pulse"
    >
      5
      <span
        className="text-primary animate-bounce"
      >
        0
      </span>
      0
    </h1>
    <p
      className="mx-auto font-body text-base md:text-xl font-medium text-center text-white"
    >
      Something went wrong
    </p>
  </div>
</div>
`;
