// Jest Snapshot v1, https://goo.gl/fbAQLP

exports[`<SiteLogo /> should renders correct <SiteLogo /> 1`] = `
<Link
  href="/"
  passHref={true}
>
  <a
    className="flex items-center transition duration-1000 ease-in-out transform hover:scale-125"
  >
    <Image
      alt="logo"
      className="animate-pulse"
      height={42}
      src="/images/phoenix-logo.png"
      width={63}
    />
  </a>
</Link>
`;
