// Jest Snapshot v1, https://goo.gl/fbAQLP

exports[`<MainNavDropdownMenu /> should renders correct <MainNavDropdownMenu /> 1`] = `
<div
  className="absolute bg-transparent w-auto shadow-sm transition-all duration-400 ease-in-out z-[9999] top-full invisible translate-y-[20px]"
>
  <div
    className="h-[20px] bg-transparent"
  />
  <Container
    className="flex justify-center items-center !px-0 mx-auto md:min-w-[150px] text-sm font-semibold bg-white rounded-sm flex-no-wrap"
  >
    <ul
      className="flex flex-col w-full"
    />
  </Container>
</div>
`;
