// Jest Snapshot v1, https://goo.gl/fbAQLP

exports[`<CircularProgressBar /> should renders correct <CircularProgressBar /> 1`] = `
<svg
  height="100"
  viewBox="-25 -25 400 400"
  width="100"
>
  <circle
    cx="175"
    cy="175"
    fill="none"
    r="175"
    stroke="#558FFF"
    strokeWidth="25"
  />
  <circle
    cx="175"
    cy="175"
    fill="none"
    r="175"
    stroke="#558FFF"
    strokeDasharray="1100"
    strokeDashoffset="1100"
    strokeLinecap="butt"
    strokeWidth="25"
    style={
      Object {
        "strokeDashoffset": 1100,
        "transition": "stroke-dashoffset 1s ease-out",
      }
    }
    transform="rotate(-90 175 175)"
  />
  <text
    dominantBaseline="central"
    fill="#FFFFFF"
    style={
      Object {
        "fontFamily": "inherit",
        "fontSize": 48,
        "fontWeight": "bold",
      }
    }
    textAnchor="middle"
    x={175}
    y={175}
  >
    0
    <tspan
      dx={10}
    >
      %
    </tspan>
  </text>
</svg>
`;
